16-07-19, 20:20
None

No input errors
